// Jest Snapshot v1, https://goo.gl/fbAQLP

exports[`world map panel layout renders a snapshot for the map panel layout 1`] = `"<div class="map-layout" id="layout" style="height: min(46vh, 520px); min-height: min(46vh, 520px);" data-layout-height="min(46vh, 520px)"><div id="panel" style="height: min(46vh, 520px); min-height: min(46vh, 520px);" data-layout-height="min(46vh, 520px)" data-world-map-interactive="true"><div class="world-panel__surface" id="surface" style="height: 100%; flex: 1 1 0%;" data-world-map-interactive="true"></div></div></div>"`;
