// Jest Snapshot v1, https://goo.gl/fbAQLP

exports[`world map panel layout renders a snapshot for the map panel layout 1`] = `"<div class="map-layout" id="layout" style="height: min(75vh, 760px); min-height: min(75vh, 760px);" data-layout-height="min(75vh, 760px)"><div id="panel" style="height: min(75vh, 760px); min-height: min(75vh, 760px);" data-layout-height="min(75vh, 760px)"><div class="world-panel__surface" id="surface" style="height: 100%; flex: 1 1 0%;"></div></div></div>"`;
